// Jest Snapshot v1, https://goo.gl/fbAQLP

exports[`Character component renders Character 1`] = `
<DocumentFragment>
  <img
    alt="test Nameu"
    src="Test Image"
  />
  <h1>
    test Nameu
  </h1>
</DocumentFragment>
`;
